
> talavishiraaj-website@1.0.0 build
> vite build

vite v6.4.2 building for production...
transforming...
Browserslist: browsers data (caniuse-lite) is 11 months old. Please run:
  npx update-browserslist-db@latest
  Why you should do it regularly: https://github.com/browserslist/update-db#readme
✓ 457 modules transformed.
rendering chunks...
computing gzip size...
dist/index.html                   0.47 kB │ gzip:   0.31 kB
dist/assets/logo-DVfX6oir.png    19.87 kB
dist/assets/index-D4gKTtpa.css   41.95 kB │ gzip:   6.91 kB
dist/assets/index-B8NOs1DF.js   393.42 kB │ gzip: 120.13 kB
✓ built in 908ms
